---
source: tui/src/chatwidget/tests/status_and_layout.rs
assertion_line: 1157
expression: normalized_backend_snapshot(terminal.backend())
---
"                                                                                "
"• Analyzing (0s • esc to interrupt)                                             "
"                                                                                "
"                                                                                "
"›                                                                               "
"                                                                                "
"  gpt-5.5 default · /tmp/project                                                "
