---
source: tui/src/chatwidget/tests/side.rs
assertion_line: 309
expression: terminal.backend()
---
"                                                                                "
"                                                                                "
"›                                                                               "
"                                                                                "
"  gpt-5.5 default · … Side from main thread · main needs input · Esc to return  "
