---
source: tui/src/chatwidget/tests/side.rs
assertion_line: 288
expression: terminal.backend()
---
"                                                                                "
"                                                                                "
"›                                                                               "
"                                                                                "
"  gpt-5.5                                Side from main thread · Esc to return  "
