---
source: tui/src/chatwidget/tests/status_and_layout.rs
assertion_line: 1508
expression: normalized_backend_snapshot(terminal.backend())
---
"                                                                                "
"                                                                                "
"›                                                                               "
"                                                                                "
"  gpt-5.3-codex high · Roadmap cleanup                                          "
